21:16:59 **** Incremental Build of configuration Release for project Apollo - DSP ****
make -j8 all 
arm-none-eabi-gcc -o "Apollo - DSP.elf" @"objects.list"   -mcpu=cortex-m4 -T"C:\Users\Perri\Desktop\Apollo - DSP\Software\Apollo - DSP\STM32F401RBTX_FLASH.ld" --specs=nosys.specs -Wl,-Map="Apollo - DSP.map" -Wl,--gc-sections -static --specs=nano.specs -mfpu=fpv4-sp-d16 -mfloat-abi=hard -mthumb -u _printf_float -u _scanf_float -Wl,--start-group -lc -lm -Wl,--end-group
Finished building target: Apollo - DSP.elf
 
arm-none-eabi-size   Apollo\ -\ DSP.elf 
arm-none-eabi-objdump -h -S  Apollo\ -\ DSP.elf  > "Apollo - DSP.list"
   text	   data	    bss	    dec	    hex	filename
  40404	    724	   7148	  48276	   bc94	Apollo - DSP.elf
Finished building: default.size.stdout
 
Finished building: Apollo - DSP.list
 

21:16:59 Build Finished. 0 errors, 0 warnings. (took 408ms)

