../Core/Src/stm32f4xx_hal_msp.c:64:6:HAL_MspInit	8	static
../Core/Src/stm32f4xx_hal_msp.c:86:6:HAL_ADC_MspInit	48	static
../Core/Src/stm32f4xx_hal_msp.c:139:6:HAL_ADC_MspDeInit	8	static
../Core/Src/stm32f4xx_hal_msp.c:170:6:HAL_I2C_MspInit	48	static
../Core/Src/stm32f4xx_hal_msp.c:206:6:HAL_I2C_MspDeInit	8	static
../Core/Src/stm32f4xx_hal_msp.c:237:6:HAL_SPI_MspInit	40	static
../Core/Src/stm32f4xx_hal_msp.c:274:6:HAL_SPI_MspDeInit	0	static
../Core/Src/stm32f4xx_hal_msp.c:304:6:HAL_UART_MspInit	40	static
../Core/Src/stm32f4xx_hal_msp.c:340:6:HAL_UART_MspDeInit	0	static
